2026-03-12 23:29:14.471994: Executing query: 
    TRUNCATE TABLE TEMP.TMP_D_CATEGORY

2026-03-12 23:29:14.894710: ERROR: query error: 
    TRUNCATE TABLE TEMP.TMP_D_CATEGORY

2026-03-12 23:29:14.894815: ERROR: Error: 002003 (42S02): SQL compilation error:
Table 'IOE.TEMP.TMP_D_CATEGORY' does not exist or not authorized.
2026-03-12 23:29:14.894896: Executing query: 
    INSERT INTO TEMP.TMP_D_CATEGORY (CATEGORY_NAME)
    SELECT DISTINCT CATEGORY
    FROM STAGE.STG_D_CATEGORY

2026-03-12 23:29:15.369612: ERROR: query error: 
    INSERT INTO TEMP.TMP_D_CATEGORY (CATEGORY_NAME)
    SELECT DISTINCT CATEGORY
    FROM STAGE.STG_D_CATEGORY

2026-03-12 23:29:15.380240: ERROR: Error: 002003 (42S02): SQL compilation error:
Object 'IOE.STAGE.STG_D_CATEGORY' does not exist or not authorized.
2026-03-12 23:29:15.380432: Executing query: 
    MERGE INTO TARGET.TGT_D_CATEGORY AS TGT
    USING TEMP.TMP_D_CATEGORY AS TMP
        ON TGT.CATEGORY_NAME = TMP.CATEGORY_NAME
    WHEN NOT MATCHED THEN
        INSERT (CATEGORY_NAME)
        VALUES (TMP.CATEGORY_NAME);

2026-03-12 23:29:15.901209: ERROR: query error: 
    MERGE INTO TARGET.TGT_D_CATEGORY AS TGT
    USING TEMP.TMP_D_CATEGORY AS TMP
        ON TGT.CATEGORY_NAME = TMP.CATEGORY_NAME
    WHEN NOT MATCHED THEN
        INSERT (CATEGORY_NAME)
        VALUES (TMP.CATEGORY_NAME);

2026-03-12 23:29:15.901359: ERROR: Error: 002003 (42S02): SQL compilation error:
Object 'IOE.TEMP.TMP_D_CATEGORY' does not exist or not authorized.
