2026-03-12 21:48:07.995149: Executing query: 
    TRUNCATE TABLE TEMP.TMP_D_CATEGORY

2026-03-12 21:48:08.401639: ERROR: query error: 
    TRUNCATE TABLE TEMP.TMP_D_CATEGORY

2026-03-12 21:48:08.401697: ERROR: Error: 002003 (42S02): SQL compilation error:
Table 'IOE.TEMP.TMP_D_CATEGORY' does not exist or not authorized.
2026-03-12 21:48:08.401722: Executing query: 
    INSERT INTO TEMP.TMP_D_CATEGORY (CATEGORY_NAME)
    SELECT DISTINCT CATEGORY
    FROM STAGE.STG_D_CATEGORY

2026-03-12 21:48:08.888972: ERROR: query error: 
    INSERT INTO TEMP.TMP_D_CATEGORY (CATEGORY_NAME)
    SELECT DISTINCT CATEGORY
    FROM STAGE.STG_D_CATEGORY

2026-03-12 21:48:08.899436: ERROR: Error: 002003 (42S02): SQL compilation error:
Object 'IOE.STAGE.STG_D_CATEGORY' does not exist or not authorized.
2026-03-12 21:48:08.899492: Executing query: 
    MERGE INTO TARGET.TGT_D_CATEGORY AS TGT
    USING TEMP.TMP_D_CATEGORY AS TMP
        ON TGT.CATEGORY_NAME = TMP.CATEGORY_NAME
    WHEN NOT MATCHED THEN
        INSERT (CATEGORY_NAME)
        VALUES (TMP.CATEGORY_NAME);

2026-03-12 21:48:09.347584: ERROR: query error: 
    MERGE INTO TARGET.TGT_D_CATEGORY AS TGT
    USING TEMP.TMP_D_CATEGORY AS TMP
        ON TGT.CATEGORY_NAME = TMP.CATEGORY_NAME
    WHEN NOT MATCHED THEN
        INSERT (CATEGORY_NAME)
        VALUES (TMP.CATEGORY_NAME);

2026-03-12 21:48:09.347646: ERROR: Error: 002003 (42S02): SQL compilation error:
Object 'IOE.TEMP.TMP_D_CATEGORY' does not exist or not authorized.
