2026-03-12 23:19:59.581056: Executing query: 
    TRUNCATE TABLE TEMP.TMP_D_CITY

2026-03-12 23:19:59.926222: ERROR: query error: 
    TRUNCATE TABLE TEMP.TMP_D_CITY

2026-03-12 23:19:59.926336: ERROR: Error: 002003 (42S02): SQL compilation error:
Table 'IOE.TEMP.TMP_D_CITY' does not exist or not authorized.
2026-03-12 23:19:59.926391: Executing query: 
    INSERT INTO TEMP.TMP_D_CITY
        (CITY_NAME, POSTAL_CODE, STATE_NAME)
    SELECT DISTINCT
        CITY,
        POSTAL_CODE,
        STATE
    FROM STAGE.STG_D_CITY

2026-03-12 23:20:00.292684: ERROR: query error: 
    INSERT INTO TEMP.TMP_D_CITY
        (CITY_NAME, POSTAL_CODE, STATE_NAME)
    SELECT DISTINCT
        CITY,
        POSTAL_CODE,
        STATE
    FROM STAGE.STG_D_CITY

2026-03-12 23:20:00.302984: ERROR: Error: 002003 (42S02): SQL compilation error:
Object 'IOE.STAGE.STG_D_CITY' does not exist or not authorized.
2026-03-12 23:20:00.303093: Executing query: 
    UPDATE TARGET.TGT_D_CITY TGT
    SET
        IS_CURRENT = FALSE,
        EFFECTIVE_TO = CURRENT_TIMESTAMP()
    FROM TEMP.TMP_D_CITY TMP
    JOIN TARGET.TGT_D_STATE S
        ON TMP.STATE_NAME = S.STATE_NAME
       AND S.IS_CURRENT = TRUE
    WHERE TGT.CITY_NAME = TMP.CITY_NAME
      AND TGT.POSTAL_CODE = TMP.POSTAL_CODE
      AND TGT.IS_CURRENT = TRUE
      AND TGT.STATE_KEY <> S.STATE_KEY;

2026-03-12 23:20:00.907321: ERROR: query error: 
    UPDATE TARGET.TGT_D_CITY TGT
    SET
        IS_CURRENT = FALSE,
        EFFECTIVE_TO = CURRENT_TIMESTAMP()
    FROM TEMP.TMP_D_CITY TMP
    JOIN TARGET.TGT_D_STATE S
        ON TMP.STATE_NAME = S.STATE_NAME
       AND S.IS_CURRENT = TRUE
    WHERE TGT.CITY_NAME = TMP.CITY_NAME
      AND TGT.POSTAL_CODE = TMP.POSTAL_CODE
      AND TGT.IS_CURRENT = TRUE
      AND TGT.STATE_KEY <> S.STATE_KEY;

2026-03-12 23:20:00.907388: ERROR: Error: 002003 (42S02): SQL compilation error:
Object 'IOE.TEMP.TMP_D_CITY' does not exist or not authorized.
2026-03-12 23:20:00.907421: Executing query: 
    INSERT INTO TARGET.TGT_D_CITY
    (
        CITY_NAME,
        POSTAL_CODE,
        STATE_KEY,
        IS_CURRENT,
        EFFECTIVE_FROM,
        EFFECTIVE_TO
    )
    SELECT
        TMP.CITY_NAME,
        TMP.POSTAL_CODE,
        S.STATE_KEY,
        TRUE,
        CURRENT_TIMESTAMP(),
        TO_TIMESTAMP_NTZ('9999-12-31 23:59:59.999')
    FROM TEMP.TMP_D_CITY TMP
    JOIN TARGET.TGT_D_STATE S
        ON TMP.STATE_NAME = S.STATE_NAME
       AND S.IS_CURRENT = TRUE
    LEFT JOIN TARGET.TGT_D_CITY CUR
        ON CUR.CITY_NAME = TMP.CITY_NAME
       AND CUR.POSTAL_CODE = TMP.POSTAL_CODE
       AND CUR.STATE_KEY = S.STATE_KEY
       AND CUR.IS_CURRENT = TRUE
    WHERE CUR.CITY_KEY IS NULL;

2026-03-12 23:20:01.259940: ERROR: query error: 
    INSERT INTO TARGET.TGT_D_CITY
    (
        CITY_NAME,
        POSTAL_CODE,
        STATE_KEY,
        IS_CURRENT,
        EFFECTIVE_FROM,
        EFFECTIVE_TO
    )
    SELECT
        TMP.CITY_NAME,
        TMP.POSTAL_CODE,
        S.STATE_KEY,
        TRUE,
        CURRENT_TIMESTAMP(),
        TO_TIMESTAMP_NTZ('9999-12-31 23:59:59.999')
    FROM TEMP.TMP_D_CITY TMP
    JOIN TARGET.TGT_D_STATE S
        ON TMP.STATE_NAME = S.STATE_NAME
       AND S.IS_CURRENT = TRUE
    LEFT JOIN TARGET.TGT_D_CITY CUR
        ON CUR.CITY_NAME = TMP.CITY_NAME
       AND CUR.POSTAL_CODE = TMP.POSTAL_CODE
       AND CUR.STATE_KEY = S.STATE_KEY
       AND CUR.IS_CURRENT = TRUE
    WHERE CUR.CITY_KEY IS NULL;

2026-03-12 23:20:01.259986: ERROR: Error: 002003 (42S02): SQL compilation error:
Object 'IOE.TEMP.TMP_D_CITY' does not exist or not authorized.
