2026-03-12 21:44:24.848016: Executing query: 
    TRUNCATE TABLE TEMP.TMP_D_COUNTRY

2026-03-12 21:44:25.273686: ERROR: query error: 
    TRUNCATE TABLE TEMP.TMP_D_COUNTRY

2026-03-12 21:44:25.273747: ERROR: Error: 002003 (42S02): SQL compilation error:
Table 'IOE.TEMP.TMP_D_COUNTRY' does not exist or not authorized.
2026-03-12 21:44:25.273772: Executing query: 
    INSERT INTO TEMP.TMP_D_COUNTRY (COUNTRY_NAME)
    SELECT DISTINCT COUNTRY
    FROM STAGE.STG_D_COUNTRY

2026-03-12 21:44:25.663429: ERROR: query error: 
    INSERT INTO TEMP.TMP_D_COUNTRY (COUNTRY_NAME)
    SELECT DISTINCT COUNTRY
    FROM STAGE.STG_D_COUNTRY

2026-03-12 21:44:25.673678: ERROR: Error: 002003 (42S02): SQL compilation error:
Object 'IOE.STAGE.STG_D_COUNTRY' does not exist or not authorized.
2026-03-12 21:44:25.673733: Executing query: 
    MERGE INTO TARGET.TGT_D_COUNTRY AS TGT
    USING TEMP.TMP_D_COUNTRY AS TMP
        ON TGT.COUNTRY_NAME = TMP.COUNTRY_NAME
    WHEN NOT MATCHED THEN
        INSERT (COUNTRY_NAME)
        VALUES (TMP.COUNTRY_NAME);

2026-03-12 21:44:26.089985: ERROR: query error: 
    MERGE INTO TARGET.TGT_D_COUNTRY AS TGT
    USING TEMP.TMP_D_COUNTRY AS TMP
        ON TGT.COUNTRY_NAME = TMP.COUNTRY_NAME
    WHEN NOT MATCHED THEN
        INSERT (COUNTRY_NAME)
        VALUES (TMP.COUNTRY_NAME);

2026-03-12 21:44:26.090033: ERROR: Error: 002003 (42S02): SQL compilation error:
Object 'IOE.TEMP.TMP_D_COUNTRY' does not exist or not authorized.
