2026-03-12 23:18:31.259025: Executing query: 
    TRUNCATE TABLE TEMP.TMP_D_COUNTRY

2026-03-12 23:18:31.638000: ERROR: query error: 
    TRUNCATE TABLE TEMP.TMP_D_COUNTRY

2026-03-12 23:18:31.638083: ERROR: Error: 002003 (42S02): SQL compilation error:
Table 'IOE.TEMP.TMP_D_COUNTRY' does not exist or not authorized.
2026-03-12 23:18:31.638124: Executing query: 
    INSERT INTO TEMP.TMP_D_COUNTRY (COUNTRY_NAME)
    SELECT DISTINCT COUNTRY
    FROM STAGE.STG_D_COUNTRY

2026-03-12 23:18:32.115906: ERROR: query error: 
    INSERT INTO TEMP.TMP_D_COUNTRY (COUNTRY_NAME)
    SELECT DISTINCT COUNTRY
    FROM STAGE.STG_D_COUNTRY

2026-03-12 23:18:32.126597: ERROR: Error: 002003 (42S02): SQL compilation error:
Object 'IOE.STAGE.STG_D_COUNTRY' does not exist or not authorized.
2026-03-12 23:18:32.126705: Executing query: 
    MERGE INTO TARGET.TGT_D_COUNTRY AS TGT
    USING TEMP.TMP_D_COUNTRY AS TMP
        ON TGT.COUNTRY_NAME = TMP.COUNTRY_NAME
    WHEN NOT MATCHED THEN
        INSERT (COUNTRY_NAME)
        VALUES (TMP.COUNTRY_NAME);

2026-03-12 23:18:32.688192: ERROR: query error: 
    MERGE INTO TARGET.TGT_D_COUNTRY AS TGT
    USING TEMP.TMP_D_COUNTRY AS TMP
        ON TGT.COUNTRY_NAME = TMP.COUNTRY_NAME
    WHEN NOT MATCHED THEN
        INSERT (COUNTRY_NAME)
        VALUES (TMP.COUNTRY_NAME);

2026-03-12 23:18:32.688249: ERROR: Error: 002003 (42S02): SQL compilation error:
Object 'IOE.TEMP.TMP_D_COUNTRY' does not exist or not authorized.
