2026-03-12 23:28:25.263433: Executing query: 
    TRUNCATE TABLE TEMP.TMP_D_COUNTRY

2026-03-12 23:28:25.838160: ERROR: query error: 
    TRUNCATE TABLE TEMP.TMP_D_COUNTRY

2026-03-12 23:28:25.838255: ERROR: Error: 002003 (42S02): SQL compilation error:
Table 'IOE.TEMP.TMP_D_COUNTRY' does not exist or not authorized.
2026-03-12 23:28:25.838315: Executing query: 
    INSERT INTO TEMP.TMP_D_COUNTRY (COUNTRY_NAME)
    SELECT DISTINCT COUNTRY
    FROM STAGE.STG_D_COUNTRY

2026-03-12 23:28:26.247332: ERROR: query error: 
    INSERT INTO TEMP.TMP_D_COUNTRY (COUNTRY_NAME)
    SELECT DISTINCT COUNTRY
    FROM STAGE.STG_D_COUNTRY

2026-03-12 23:28:26.247730: ERROR: Error: 002003 (42S02): SQL compilation error:
Object 'IOE.STAGE.STG_D_COUNTRY' does not exist or not authorized.
2026-03-12 23:28:26.247782: Executing query: 
    MERGE INTO TARGET.TGT_D_COUNTRY AS TGT
    USING TEMP.TMP_D_COUNTRY AS TMP
        ON TGT.COUNTRY_NAME = TMP.COUNTRY_NAME
    WHEN NOT MATCHED THEN
        INSERT (COUNTRY_NAME)
        VALUES (TMP.COUNTRY_NAME);

2026-03-12 23:28:26.725244: ERROR: query error: 
    MERGE INTO TARGET.TGT_D_COUNTRY AS TGT
    USING TEMP.TMP_D_COUNTRY AS TMP
        ON TGT.COUNTRY_NAME = TMP.COUNTRY_NAME
    WHEN NOT MATCHED THEN
        INSERT (COUNTRY_NAME)
        VALUES (TMP.COUNTRY_NAME);

2026-03-12 23:28:26.725309: ERROR: Error: 002003 (42S02): SQL compilation error:
Object 'IOE.TEMP.TMP_D_COUNTRY' does not exist or not authorized.
