2026-03-13 01:05:33.451140: Executing query: TRUNCATE TABLE TEMP.TMP_D_CUSTOMER_SF
2026-03-13 01:05:33.829424: ERROR: query error: TRUNCATE TABLE TEMP.TMP_D_CUSTOMER_SF
2026-03-13 01:05:33.829473: ERROR: Error: 002003 (42S02): SQL compilation error:
Table 'IOE.TEMP.TMP_D_CUSTOMER_SF' does not exist or not authorized.
2026-03-13 01:05:33.829498: Executing query: 
    INSERT INTO TEMP.TMP_D_CUSTOMER_SF
    (CUSTOMER_ID, CUSTOMER_NAME, SEGMENT_NAME)
    SELECT DISTINCT
        CUSTOMER_ID,
        CUSTOMER_NAME,
        SEGMENT
    FROM STAGE.STG_D_CUSTOMER

2026-03-13 01:05:34.427353: ERROR: query error: 
    INSERT INTO TEMP.TMP_D_CUSTOMER_SF
    (CUSTOMER_ID, CUSTOMER_NAME, SEGMENT_NAME)
    SELECT DISTINCT
        CUSTOMER_ID,
        CUSTOMER_NAME,
        SEGMENT
    FROM STAGE.STG_D_CUSTOMER

2026-03-13 01:05:34.427413: ERROR: Error: 002003 (42S02): SQL compilation error:
Table 'IOE.TEMP.TMP_D_CUSTOMER_SF' does not exist or not authorized.
2026-03-13 01:05:34.427443: Executing query: 
    UPDATE TARGET.TGT_D_CUSTOMER_SF AS TGT
    SET
        TGT.IS_CURRENT = FALSE,
        TGT.EFFECTIVE_TO = CURRENT_TIMESTAMP()
    FROM (
        SELECT
            TMP.CUSTOMER_ID,
            TMP.CUSTOMER_NAME,
            S.SEGMENT_KEY
        FROM TEMP.TMP_D_CUSTOMER_SF TMP
        JOIN TARGET.TGT_D_SEGMENT S
            ON TMP.SEGMENT_NAME = S.SEGMENT_NAME
           AND S.IS_CURRENT = TRUE
    ) AS SRC
    WHERE TGT.CUSTOMER_ID = SRC.CUSTOMER_ID
      AND TGT.IS_CURRENT = TRUE
      AND (
          TGT.CUSTOMER_NAME <> SRC.CUSTOMER_NAME
          OR TGT.SEGMENT_KEY <> SRC.SEGMENT_KEY
      );

2026-03-13 01:05:35.248706: ERROR: query error: 
    UPDATE TARGET.TGT_D_CUSTOMER_SF AS TGT
    SET
        TGT.IS_CURRENT = FALSE,
        TGT.EFFECTIVE_TO = CURRENT_TIMESTAMP()
    FROM (
        SELECT
            TMP.CUSTOMER_ID,
            TMP.CUSTOMER_NAME,
            S.SEGMENT_KEY
        FROM TEMP.TMP_D_CUSTOMER_SF TMP
        JOIN TARGET.TGT_D_SEGMENT S
            ON TMP.SEGMENT_NAME = S.SEGMENT_NAME
           AND S.IS_CURRENT = TRUE
    ) AS SRC
    WHERE TGT.CUSTOMER_ID = SRC.CUSTOMER_ID
      AND TGT.IS_CURRENT = TRUE
      AND (
          TGT.CUSTOMER_NAME <> SRC.CUSTOMER_NAME
          OR TGT.SEGMENT_KEY <> SRC.SEGMENT_KEY
      );

2026-03-13 01:05:35.248789: ERROR: Error: 002003 (42S02): SQL compilation error:
Object 'IOE.TEMP.TMP_D_CUSTOMER_SF' does not exist or not authorized.
2026-03-13 01:05:35.248822: Executing query: 
    INSERT INTO TARGET.TGT_D_CUSTOMER_SF
    (
        CUSTOMER_ID,
        CUSTOMER_NAME,
        SEGMENT_KEY,
        IS_CURRENT,
        EFFECTIVE_FROM,
        EFFECTIVE_TO
    )
    SELECT
        SRC.CUSTOMER_ID,
        SRC.CUSTOMER_NAME,
        SRC.SEGMENT_KEY,
        TRUE,
        CURRENT_TIMESTAMP(),
        TO_TIMESTAMP_NTZ('9999-12-31 23:59:59.999')
    FROM (
        SELECT
            TMP.CUSTOMER_ID,
            TMP.CUSTOMER_NAME,
            S.SEGMENT_KEY
        FROM TEMP.TMP_D_CUSTOMER_SF TMP
        JOIN TARGET.TGT_D_SEGMENT S
            ON TMP.SEGMENT_NAME = S.SEGMENT_NAME
           AND S.IS_CURRENT = TRUE
    ) SRC
    LEFT JOIN TARGET.TGT_D_CUSTOMER_SF CUR
        ON CUR.CUSTOMER_ID = SRC.CUSTOMER_ID
       AND CUR.CUSTOMER_NAME = SRC.CUSTOMER_NAME
       AND CUR.SEGMENT_KEY = SRC.SEGMENT_KEY
       AND CUR.IS_CURRENT = TRUE
    WHERE CUR.CUSTOMER_KEY IS NULL;

2026-03-13 01:05:35.745507: ERROR: query error: 
    INSERT INTO TARGET.TGT_D_CUSTOMER_SF
    (
        CUSTOMER_ID,
        CUSTOMER_NAME,
        SEGMENT_KEY,
        IS_CURRENT,
        EFFECTIVE_FROM,
        EFFECTIVE_TO
    )
    SELECT
        SRC.CUSTOMER_ID,
        SRC.CUSTOMER_NAME,
        SRC.SEGMENT_KEY,
        TRUE,
        CURRENT_TIMESTAMP(),
        TO_TIMESTAMP_NTZ('9999-12-31 23:59:59.999')
    FROM (
        SELECT
            TMP.CUSTOMER_ID,
            TMP.CUSTOMER_NAME,
            S.SEGMENT_KEY
        FROM TEMP.TMP_D_CUSTOMER_SF TMP
        JOIN TARGET.TGT_D_SEGMENT S
            ON TMP.SEGMENT_NAME = S.SEGMENT_NAME
           AND S.IS_CURRENT = TRUE
    ) SRC
    LEFT JOIN TARGET.TGT_D_CUSTOMER_SF CUR
        ON CUR.CUSTOMER_ID = SRC.CUSTOMER_ID
       AND CUR.CUSTOMER_NAME = SRC.CUSTOMER_NAME
       AND CUR.SEGMENT_KEY = SRC.SEGMENT_KEY
       AND CUR.IS_CURRENT = TRUE
    WHERE CUR.CUSTOMER_KEY IS NULL;

2026-03-13 01:05:35.745797: ERROR: Error: 002003 (42S02): SQL compilation error:
Object 'IOE.TEMP.TMP_D_CUSTOMER_SF' does not exist or not authorized.
