2026-03-12 23:17:17.812102: Executing query: TRUNCATE TABLE TEMP.TMP_F_SALES_SF
2026-03-12 23:17:18.167417: ERROR: query error: TRUNCATE TABLE TEMP.TMP_F_SALES_SF
2026-03-12 23:17:18.167497: ERROR: Error: 002003 (42S02): SQL compilation error:
Table 'IOE.TEMP.TMP_F_SALES_SF' does not exist or not authorized.
2026-03-12 23:17:18.167545: Executing query: 
                INSERT INTO TEMP.TMP_F_SALES_SF
                (ORDER_ID, CUSTOMER_ID, PRODUCT_ID, CITY_NAME, POSTAL_CODE, ORDER_DATE, SHIP_DATE, SHIP_MODE, QUANTITY, DISCOUNT,REVENUE, PROFIT, COST)
                SELECT
                    SRC.ORDER_ID
                    ,SRC.CUSTOMER_ID
                    ,SRC.PRODUCT_ID
                    ,SRC.CITY
                    ,SRC.POSTAL_CODE
                    ,SRC.ORDER_DATE
                    ,SRC.SHIP_DATE
                    ,SRC.SHIP_MODE
                    ,SUM(SRC.QUANTITY)
                    ,SUM(SRC.DISCOUNT)
                    ,SUM(SRC.REVENUE)
                    ,SUM(SRC.PROFIT)
                    ,SUM(SRC.COST)
                FROM STAGE.STG_F_SALES SRC
                GROUP BY
                    SRC.ORDER_ID
                    ,SRC.CUSTOMER_ID
                    ,SRC.PRODUCT_ID
                    ,SRC.CITY
                    ,SRC.POSTAL_CODE
                    ,SRC.ORDER_DATE
                    ,SRC.SHIP_DATE
                    ,SRC.SHIP_MODE
            
2026-03-12 23:17:18.732838: ERROR: query error: 
                INSERT INTO TEMP.TMP_F_SALES_SF
                (ORDER_ID, CUSTOMER_ID, PRODUCT_ID, CITY_NAME, POSTAL_CODE, ORDER_DATE, SHIP_DATE, SHIP_MODE, QUANTITY, DISCOUNT,REVENUE, PROFIT, COST)
                SELECT
                    SRC.ORDER_ID
                    ,SRC.CUSTOMER_ID
                    ,SRC.PRODUCT_ID
                    ,SRC.CITY
                    ,SRC.POSTAL_CODE
                    ,SRC.ORDER_DATE
                    ,SRC.SHIP_DATE
                    ,SRC.SHIP_MODE
                    ,SUM(SRC.QUANTITY)
                    ,SUM(SRC.DISCOUNT)
                    ,SUM(SRC.REVENUE)
                    ,SUM(SRC.PROFIT)
                    ,SUM(SRC.COST)
                FROM STAGE.STG_F_SALES SRC
                GROUP BY
                    SRC.ORDER_ID
                    ,SRC.CUSTOMER_ID
                    ,SRC.PRODUCT_ID
                    ,SRC.CITY
                    ,SRC.POSTAL_CODE
                    ,SRC.ORDER_DATE
                    ,SRC.SHIP_DATE
                    ,SRC.SHIP_MODE
            
2026-03-12 23:17:18.732895: ERROR: Error: 002003 (42S02): SQL compilation error:
Table 'IOE.TEMP.TMP_F_SALES_SF' does not exist or not authorized.
2026-03-12 23:17:18.732920: Executing query: 
                MERGE INTO TARGET.TGT_F_SALES_SF AS TGT
                USING (
                    SELECT
                        TMP.ORDER_ID
                        ,CUS.CUSTOMER_KEY
                        ,PRD.PRODUCT_KEY
                        ,CTY.CITY_KEY
                        ,ORD_DT.DATE_KEY    AS ORDER_DATE_KEY
                        ,SIP_DT.DATE_KEY    AS SHIP_DATE_KEY
                        ,SHIP.SHIP_MODE_KEY
                        ,TMP.QUANTITY
                        ,TMP.DISCOUNT
                        ,TMP.REVENUE
                        ,TMP.PROFIT
                        ,TMP.COST
                    FROM TEMP.TMP_F_SALES_SF TMP

                    INNER JOIN TARGET.TGT_D_CUSTOMER CUS
                        ON CUS.CUSTOMER_ID = TMP.CUSTOMER_ID

                    INNER JOIN TARGET.TGT_D_PRODUCT PRD
                        ON PRD.PRODUCT_ID = TMP.PRODUCT_ID

                    INNER JOIN TARGET.TGT_D_CITY CTY
                        ON CTY.CITY_NAME   = TMP.CITY_NAME
                        AND CTY.POSTAL_CODE = TMP.POSTAL_CODE

                    INNER JOIN TARGET.TGT_D_DATE ORD_DT
                        ON ORD_DT.FULL_DATE = TMP.ORDER_DATE

                    INNER JOIN TARGET.TGT_D_DATE SIP_DT
                        ON SIP_DT.FULL_DATE = TMP.SHIP_DATE

                    INNER JOIN TARGET.TGT_D_SHIP_MODE SHIP
                        ON SHIP.SHIP_MODE = TMP.SHIP_MODE

                ) AS SRC
                    ON TGT.ORDER_ID = SRC.ORDER_ID
                WHEN MATCHED THEN
                    UPDATE SET
                        TGT.QUANTITY        = SRC.QUANTITY,
                        TGT.COST           = SRC.COST,
                        TGT.DISCOUNT        = SRC.DISCOUNT,
                        TGT.REVENUE         = SRC.REVENUE,
                        TGT.PROFIT          = SRC.PROFIT
                WHEN NOT MATCHED THEN
                    INSERT (
                        TGT.ORDER_ID,
                        TGT.CUSTOMER_KEY,
                        TGT.PRODUCT_KEY,
                        TGT.CITY_KEY,
                        TGT.ORDER_DATE_KEY,
                        TGT.SHIP_DATE_KEY,
                        TGT.SHIP_MODE_KEY,
                        TGT.QUANTITY,
                        TGT.DISCOUNT,
                        TGT.REVENUE,
                        TGT.PROFIT,
                        TGT.COST
                    )
                    VALUES (
                        SRC.ORDER_ID,
                        SRC.CUSTOMER_KEY,
                        SRC.PRODUCT_KEY,
                        SRC.CITY_KEY,
                        SRC.ORDER_DATE_KEY,
                        SRC.SHIP_DATE_KEY,
                        SRC.SHIP_MODE_KEY,
                        SRC.QUANTITY,
                        SRC.DISCOUNT,
                        SRC.REVENUE,
                        SRC.PROFIT,
                        SRC.COST
                    );
            
2026-03-12 23:17:19.102368: ERROR: query error: 
                MERGE INTO TARGET.TGT_F_SALES_SF AS TGT
                USING (
                    SELECT
                        TMP.ORDER_ID
                        ,CUS.CUSTOMER_KEY
                        ,PRD.PRODUCT_KEY
                        ,CTY.CITY_KEY
                        ,ORD_DT.DATE_KEY    AS ORDER_DATE_KEY
                        ,SIP_DT.DATE_KEY    AS SHIP_DATE_KEY
                        ,SHIP.SHIP_MODE_KEY
                        ,TMP.QUANTITY
                        ,TMP.DISCOUNT
                        ,TMP.REVENUE
                        ,TMP.PROFIT
                        ,TMP.COST
                    FROM TEMP.TMP_F_SALES_SF TMP

                    INNER JOIN TARGET.TGT_D_CUSTOMER CUS
                        ON CUS.CUSTOMER_ID = TMP.CUSTOMER_ID

                    INNER JOIN TARGET.TGT_D_PRODUCT PRD
                        ON PRD.PRODUCT_ID = TMP.PRODUCT_ID

                    INNER JOIN TARGET.TGT_D_CITY CTY
                        ON CTY.CITY_NAME   = TMP.CITY_NAME
                        AND CTY.POSTAL_CODE = TMP.POSTAL_CODE

                    INNER JOIN TARGET.TGT_D_DATE ORD_DT
                        ON ORD_DT.FULL_DATE = TMP.ORDER_DATE

                    INNER JOIN TARGET.TGT_D_DATE SIP_DT
                        ON SIP_DT.FULL_DATE = TMP.SHIP_DATE

                    INNER JOIN TARGET.TGT_D_SHIP_MODE SHIP
                        ON SHIP.SHIP_MODE = TMP.SHIP_MODE

                ) AS SRC
                    ON TGT.ORDER_ID = SRC.ORDER_ID
                WHEN MATCHED THEN
                    UPDATE SET
                        TGT.QUANTITY        = SRC.QUANTITY,
                        TGT.COST           = SRC.COST,
                        TGT.DISCOUNT        = SRC.DISCOUNT,
                        TGT.REVENUE         = SRC.REVENUE,
                        TGT.PROFIT          = SRC.PROFIT
                WHEN NOT MATCHED THEN
                    INSERT (
                        TGT.ORDER_ID,
                        TGT.CUSTOMER_KEY,
                        TGT.PRODUCT_KEY,
                        TGT.CITY_KEY,
                        TGT.ORDER_DATE_KEY,
                        TGT.SHIP_DATE_KEY,
                        TGT.SHIP_MODE_KEY,
                        TGT.QUANTITY,
                        TGT.DISCOUNT,
                        TGT.REVENUE,
                        TGT.PROFIT,
                        TGT.COST
                    )
                    VALUES (
                        SRC.ORDER_ID,
                        SRC.CUSTOMER_KEY,
                        SRC.PRODUCT_KEY,
                        SRC.CITY_KEY,
                        SRC.ORDER_DATE_KEY,
                        SRC.SHIP_DATE_KEY,
                        SRC.SHIP_MODE_KEY,
                        SRC.QUANTITY,
                        SRC.DISCOUNT,
                        SRC.REVENUE,
                        SRC.PROFIT,
                        SRC.COST
                    );
            
2026-03-12 23:17:19.102505: ERROR: Error: 002003 (42S02): SQL compilation error:
Object 'IOE.TEMP.TMP_F_SALES_SF' does not exist or not authorized.
