2026-03-13 01:22:03.517054: Executing query: TRUNCATE TABLE TEMP.TMP_D_PRODUCT_SF
2026-03-13 01:22:04.222593: Query Result: [('Statement executed successfully.',)]
2026-03-13 01:22:04.222670: Executing query: 
    INSERT INTO TEMP.TMP_D_PRODUCT_SF
    (PRODUCT_ID, PRODUCT_NAME, SUBCATEGORY_NAME)
    SELECT DISTINCT
        PRODUCT_ID,
        PRODUCT_NAME,
        SUB_CATEGORY
    FROM STAGE.STG_D_PRODUCT

2026-03-13 01:22:05.529632: Query Result: [(36,)]
2026-03-13 01:22:05.529758: Executing query: 
    UPDATE TARGET.TGT_D_PRODUCT_SF AS TGT
    SET
        IS_CURRENT = FALSE,
        EFFECTIVE_TO = CURRENT_TIMESTAMP()
    FROM (
        
    SELECT
        TMP.PRODUCT_ID,
        TMP.PRODUCT_NAME,
        SC.SUBCATEGORY_KEY
    FROM TEMP.TMP_D_PRODUCT_SF TMP
    JOIN TARGET.TGT_D_SUBCATEGORY SC
        ON TMP.SUBCATEGORY_NAME = SC.SUBCATEGORY_NAME

    ) AS SRC
    WHERE TGT.PRODUCT_ID = SRC.PRODUCT_ID
      AND TGT.IS_CURRENT = TRUE
      AND (
            TGT.PRODUCT_NAME    <> SRC.PRODUCT_NAME
         OR TGT.SUBCATEGORY_KEY <> SRC.SUBCATEGORY_KEY
      );

2026-03-13 01:22:06.657593: Query Result: [(0, 0)]
2026-03-13 01:22:06.657691: Executing query: 
    INSERT INTO TARGET.TGT_D_PRODUCT_SF (
        PRODUCT_ID,
        PRODUCT_NAME,
        SUBCATEGORY_KEY,
        IS_CURRENT,
        EFFECTIVE_FROM,
        EFFECTIVE_TO
    )
    SELECT
        SRC.PRODUCT_ID,
        SRC.PRODUCT_NAME,
        SRC.SUBCATEGORY_KEY,
        TRUE,
        CURRENT_TIMESTAMP(),
        TO_TIMESTAMP_NTZ('9999-12-31 23:59:59.999')
    FROM (
        
    SELECT
        TMP.PRODUCT_ID,
        TMP.PRODUCT_NAME,
        SC.SUBCATEGORY_KEY
    FROM TEMP.TMP_D_PRODUCT_SF TMP
    JOIN TARGET.TGT_D_SUBCATEGORY SC
        ON TMP.SUBCATEGORY_NAME = SC.SUBCATEGORY_NAME

    ) SRC
    LEFT JOIN TARGET.TGT_D_PRODUCT_SF CUR
        ON CUR.PRODUCT_ID = SRC.PRODUCT_ID
       AND CUR.IS_CURRENT = TRUE
       AND CUR.PRODUCT_NAME = SRC.PRODUCT_NAME
       AND CUR.SUBCATEGORY_KEY = SRC.SUBCATEGORY_KEY
    WHERE CUR.PRODUCT_ID IS NULL;

2026-03-13 01:22:07.846501: Query Result: [(36,)]
