2026-03-12 23:12:38.013488: Executing query: TRUNCATE TABLE TEMP.TMP_D_PRODUCT_SF
2026-03-12 23:12:38.460315: ERROR: query error: TRUNCATE TABLE TEMP.TMP_D_PRODUCT_SF
2026-03-12 23:12:38.460451: ERROR: Error: 002003 (42S02): SQL compilation error:
Table 'IOE.TEMP.TMP_D_PRODUCT_SF' does not exist or not authorized.
2026-03-12 23:12:38.460527: Executing query: 
    INSERT INTO TEMP.TMP_D_PRODUCT_SF
    (PRODUCT_ID, PRODUCT_NAME, SUBCATEGORY_NAME)
    SELECT DISTINCT
        PRODUCT_ID,
        PRODUCT_NAME,
        SUB_CATEGORY
    FROM STAGE.STG_D_PRODUCT

2026-03-12 23:12:38.971655: ERROR: query error: 
    INSERT INTO TEMP.TMP_D_PRODUCT_SF
    (PRODUCT_ID, PRODUCT_NAME, SUBCATEGORY_NAME)
    SELECT DISTINCT
        PRODUCT_ID,
        PRODUCT_NAME,
        SUB_CATEGORY
    FROM STAGE.STG_D_PRODUCT

2026-03-12 23:12:38.971714: ERROR: Error: 002003 (42S02): SQL compilation error:
Table 'IOE.TEMP.TMP_D_PRODUCT_SF' does not exist or not authorized.
2026-03-12 23:12:38.971761: Executing query: 
    UPDATE TARGET.TGT_D_PRODUCT_SF AS TGT
    SET
        IS_CURRENT = FALSE,
        EFFECTIVE_TO = CURRENT_TIMESTAMP()
    FROM (
        
    SELECT
        TMP.PRODUCT_ID,
        TMP.PRODUCT_NAME,
        SC.SUBCATEGORY_KEY
    FROM TEMP.TMP_D_PRODUCT_SF TMP
    JOIN TARGET.TGT_D_SUBCATEGORY SC
        ON TMP.SUBCATEGORY_NAME = SC.SUBCATEGORY_NAME

    ) AS SRC
    WHERE TGT.PRODUCT_ID = SRC.PRODUCT_ID
      AND TGT.IS_CURRENT = TRUE
      AND (
            TGT.PRODUCT_NAME    <> SRC.PRODUCT_NAME
         OR TGT.SUBCATEGORY_KEY <> SRC.SUBCATEGORY_KEY
      );

2026-03-12 23:12:39.586480: ERROR: query error: 
    UPDATE TARGET.TGT_D_PRODUCT_SF AS TGT
    SET
        IS_CURRENT = FALSE,
        EFFECTIVE_TO = CURRENT_TIMESTAMP()
    FROM (
        
    SELECT
        TMP.PRODUCT_ID,
        TMP.PRODUCT_NAME,
        SC.SUBCATEGORY_KEY
    FROM TEMP.TMP_D_PRODUCT_SF TMP
    JOIN TARGET.TGT_D_SUBCATEGORY SC
        ON TMP.SUBCATEGORY_NAME = SC.SUBCATEGORY_NAME

    ) AS SRC
    WHERE TGT.PRODUCT_ID = SRC.PRODUCT_ID
      AND TGT.IS_CURRENT = TRUE
      AND (
            TGT.PRODUCT_NAME    <> SRC.PRODUCT_NAME
         OR TGT.SUBCATEGORY_KEY <> SRC.SUBCATEGORY_KEY
      );

2026-03-12 23:12:39.586537: ERROR: Error: 002003 (42S02): SQL compilation error:
Object 'IOE.TEMP.TMP_D_PRODUCT_SF' does not exist or not authorized.
2026-03-12 23:12:39.586560: Executing query: 
    INSERT INTO TARGET.TGT_D_PRODUCT_SF (
        PRODUCT_ID,
        PRODUCT_NAME,
        SUBCATEGORY_KEY,
        IS_CURRENT,
        EFFECTIVE_FROM,
        EFFECTIVE_TO
    )
    SELECT
        SRC.PRODUCT_ID,
        SRC.PRODUCT_NAME,
        SRC.SUBCATEGORY_KEY,
        TRUE,
        CURRENT_TIMESTAMP(),
        TO_TIMESTAMP_NTZ('9999-12-31 23:59:59.999')
    FROM (
        
    SELECT
        TMP.PRODUCT_ID,
        TMP.PRODUCT_NAME,
        SC.SUBCATEGORY_KEY
    FROM TEMP.TMP_D_PRODUCT_SF TMP
    JOIN TARGET.TGT_D_SUBCATEGORY SC
        ON TMP.SUBCATEGORY_NAME = SC.SUBCATEGORY_NAME

    ) SRC
    LEFT JOIN TARGET.TGT_D_PRODUCT_SF CUR
        ON CUR.PRODUCT_ID = SRC.PRODUCT_ID
       AND CUR.IS_CURRENT = TRUE
       AND CUR.PRODUCT_NAME = SRC.PRODUCT_NAME
       AND CUR.SUBCATEGORY_KEY = SRC.SUBCATEGORY_KEY
    WHERE CUR.PRODUCT_ID IS NULL;

2026-03-12 23:12:39.942833: ERROR: query error: 
    INSERT INTO TARGET.TGT_D_PRODUCT_SF (
        PRODUCT_ID,
        PRODUCT_NAME,
        SUBCATEGORY_KEY,
        IS_CURRENT,
        EFFECTIVE_FROM,
        EFFECTIVE_TO
    )
    SELECT
        SRC.PRODUCT_ID,
        SRC.PRODUCT_NAME,
        SRC.SUBCATEGORY_KEY,
        TRUE,
        CURRENT_TIMESTAMP(),
        TO_TIMESTAMP_NTZ('9999-12-31 23:59:59.999')
    FROM (
        
    SELECT
        TMP.PRODUCT_ID,
        TMP.PRODUCT_NAME,
        SC.SUBCATEGORY_KEY
    FROM TEMP.TMP_D_PRODUCT_SF TMP
    JOIN TARGET.TGT_D_SUBCATEGORY SC
        ON TMP.SUBCATEGORY_NAME = SC.SUBCATEGORY_NAME

    ) SRC
    LEFT JOIN TARGET.TGT_D_PRODUCT_SF CUR
        ON CUR.PRODUCT_ID = SRC.PRODUCT_ID
       AND CUR.IS_CURRENT = TRUE
       AND CUR.PRODUCT_NAME = SRC.PRODUCT_NAME
       AND CUR.SUBCATEGORY_KEY = SRC.SUBCATEGORY_KEY
    WHERE CUR.PRODUCT_ID IS NULL;

2026-03-12 23:12:39.942957: ERROR: Error: 002003 (42S02): SQL compilation error:
Object 'IOE.TEMP.TMP_D_PRODUCT_SF' does not exist or not authorized.
