2026-03-12 23:18:44.785902: Executing query: 
    TRUNCATE TABLE TEMP.TMP_D_REGION

2026-03-12 23:18:45.196782: ERROR: query error: 
    TRUNCATE TABLE TEMP.TMP_D_REGION

2026-03-12 23:18:45.196872: ERROR: Error: 002003 (42S02): SQL compilation error:
Table 'IOE.TEMP.TMP_D_REGION' does not exist or not authorized.
2026-03-12 23:18:45.196919: Executing query: 
    INSERT INTO TEMP.TMP_D_REGION (REGION_NAME)
    SELECT DISTINCT REGION
    FROM STAGE.STG_D_LOCATION
    WHERE REGION IS NOT NULL

2026-03-12 23:18:45.645781: ERROR: query error: 
    INSERT INTO TEMP.TMP_D_REGION (REGION_NAME)
    SELECT DISTINCT REGION
    FROM STAGE.STG_D_LOCATION
    WHERE REGION IS NOT NULL

2026-03-12 23:18:45.656430: ERROR: Error: 002003 (42S02): SQL compilation error:
Table 'IOE.TEMP.TMP_D_REGION' does not exist or not authorized.
2026-03-12 23:18:45.656513: Executing query: 
    MERGE INTO TARGET.TGT_D_REGION AS TGT
    USING TEMP.TMP_D_REGION AS TMP
        ON TGT.REGION_NAME = TMP.REGION_NAME
    WHEN NOT MATCHED THEN
        INSERT (REGION_NAME)
        VALUES (TMP.REGION_NAME);

2026-03-12 23:18:46.153275: ERROR: query error: 
    MERGE INTO TARGET.TGT_D_REGION AS TGT
    USING TEMP.TMP_D_REGION AS TMP
        ON TGT.REGION_NAME = TMP.REGION_NAME
    WHEN NOT MATCHED THEN
        INSERT (REGION_NAME)
        VALUES (TMP.REGION_NAME);

2026-03-12 23:18:46.153367: ERROR: Error: 002003 (42S02): SQL compilation error:
Object 'IOE.TEMP.TMP_D_REGION' does not exist or not authorized.
