2026-03-12 23:12:55.364113: Executing query: 
    TRUNCATE TABLE TEMP.TMP_D_SEGMENT

2026-03-12 23:12:56.588018: ERROR: query error: 
    TRUNCATE TABLE TEMP.TMP_D_SEGMENT

2026-03-12 23:12:56.588081: ERROR: Error: 002003 (42S02): SQL compilation error:
Table 'IOE.TEMP.TMP_D_SEGMENT' does not exist or not authorized.
2026-03-12 23:12:56.588112: Executing query: 
    INSERT INTO TEMP.TMP_D_SEGMENT (SEGMENT_NAME)
    SELECT DISTINCT SEGMENT
    FROM STAGE.STG_D_SEGMENT
    WHERE SEGMENT IS NOT NULL

2026-03-12 23:12:56.952627: ERROR: query error: 
    INSERT INTO TEMP.TMP_D_SEGMENT (SEGMENT_NAME)
    SELECT DISTINCT SEGMENT
    FROM STAGE.STG_D_SEGMENT
    WHERE SEGMENT IS NOT NULL

2026-03-12 23:12:56.953018: ERROR: Error: 002003 (42S02): SQL compilation error:
Object 'IOE.STAGE.STG_D_SEGMENT' does not exist or not authorized.
2026-03-12 23:12:56.953070: Executing query: 
    MERGE INTO TARGET.TGT_D_SEGMENT AS TGT
    USING TEMP.TMP_D_SEGMENT AS TMP
        ON TGT.SEGMENT_NAME = TMP.SEGMENT_NAME
    WHEN NOT MATCHED THEN
        INSERT (SEGMENT_NAME)
        VALUES (TMP.SEGMENT_NAME);

2026-03-12 23:12:57.326273: ERROR: query error: 
    MERGE INTO TARGET.TGT_D_SEGMENT AS TGT
    USING TEMP.TMP_D_SEGMENT AS TMP
        ON TGT.SEGMENT_NAME = TMP.SEGMENT_NAME
    WHEN NOT MATCHED THEN
        INSERT (SEGMENT_NAME)
        VALUES (TMP.SEGMENT_NAME);

2026-03-12 23:12:57.326326: ERROR: Error: 002003 (42S02): SQL compilation error:
Object 'IOE.TEMP.TMP_D_SEGMENT' does not exist or not authorized.
