2026-03-12 23:28:48.712939: Executing query: 
    TRUNCATE TABLE TEMP.TMP_D_STATE

2026-03-12 23:28:49.197800: ERROR: query error: 
    TRUNCATE TABLE TEMP.TMP_D_STATE

2026-03-12 23:28:49.197864: ERROR: Error: 002003 (42S02): SQL compilation error:
Table 'IOE.TEMP.TMP_D_STATE' does not exist or not authorized.
2026-03-12 23:28:49.197896: Executing query: 
    INSERT INTO TEMP.TMP_D_STATE (STATE_NAME)
    SELECT DISTINCT STATE
    FROM STAGE.STG_D_LOCATION
    WHERE STATE IS NOT NULL

2026-03-12 23:28:49.638578: ERROR: query error: 
    INSERT INTO TEMP.TMP_D_STATE (STATE_NAME)
    SELECT DISTINCT STATE
    FROM STAGE.STG_D_LOCATION
    WHERE STATE IS NOT NULL

2026-03-12 23:28:49.641355: ERROR: Error: 002003 (42S02): SQL compilation error:
Table 'IOE.TEMP.TMP_D_STATE' does not exist or not authorized.
2026-03-12 23:28:49.641415: Executing query: 
    MERGE INTO TARGET.TGT_D_STATE AS TGT
    USING TEMP.TMP_D_STATE AS TMP
        ON TGT.STATE_NAME = TMP.STATE_NAME
    WHEN NOT MATCHED THEN
        INSERT (STATE_NAME)
        VALUES (TMP.STATE_NAME);

2026-03-12 23:28:50.041946: ERROR: query error: 
    MERGE INTO TARGET.TGT_D_STATE AS TGT
    USING TEMP.TMP_D_STATE AS TMP
        ON TGT.STATE_NAME = TMP.STATE_NAME
    WHEN NOT MATCHED THEN
        INSERT (STATE_NAME)
        VALUES (TMP.STATE_NAME);

2026-03-12 23:28:50.041986: ERROR: Error: 002003 (42S02): SQL compilation error:
Object 'IOE.TEMP.TMP_D_STATE' does not exist or not authorized.
