2026-03-12 23:12:20.898374: Executing query: TRUNCATE TABLE TEMP.TMP_D_SUBCATEGORY
2026-03-12 23:12:21.328942: ERROR: query error: TRUNCATE TABLE TEMP.TMP_D_SUBCATEGORY
2026-03-12 23:12:21.328999: ERROR: Error: 002003 (42S02): SQL compilation error:
Table 'IOE.TEMP.TMP_D_SUBCATEGORY' does not exist or not authorized.
2026-03-12 23:12:21.329025: Executing query: 
    INSERT INTO TEMP.TMP_D_SUBCATEGORY
    (SUBCATEGORY_NAME, CATEGORY_NAME)
    SELECT DISTINCT
        SUB_CATEGORY,
        CATEGORY
    FROM STAGE.STG_D_SUBCATEGORY

2026-03-12 23:12:21.702706: ERROR: query error: 
    INSERT INTO TEMP.TMP_D_SUBCATEGORY
    (SUBCATEGORY_NAME, CATEGORY_NAME)
    SELECT DISTINCT
        SUB_CATEGORY,
        CATEGORY
    FROM STAGE.STG_D_SUBCATEGORY

2026-03-12 23:12:21.713222: ERROR: Error: 002003 (42S02): SQL compilation error:
Object 'IOE.STAGE.STG_D_SUBCATEGORY' does not exist or not authorized.
2026-03-12 23:12:21.713300: Executing query: 
    UPDATE TARGET.TGT_D_SUBCATEGORY AS TGT
    SET
        TGT.IS_CURRENT = FALSE,
        TGT.EFFECTIVE_TO = CURRENT_TIMESTAMP()
    FROM (
        SELECT
            TMP.SUBCATEGORY_NAME,
            C.CATEGORY_KEY
        FROM TEMP.TMP_D_SUBCATEGORY TMP
        JOIN TARGET.TGT_D_CATEGORY C
            ON TMP.CATEGORY_NAME = C.CATEGORY_NAME
           AND C.IS_CURRENT = TRUE
    ) AS SRC
    WHERE TGT.SUBCATEGORY_NAME = SRC.SUBCATEGORY_NAME
      AND TGT.IS_CURRENT = TRUE
      AND TGT.CATEGORY_KEY <> SRC.CATEGORY_KEY;

2026-03-12 23:12:22.106611: ERROR: query error: 
    UPDATE TARGET.TGT_D_SUBCATEGORY AS TGT
    SET
        TGT.IS_CURRENT = FALSE,
        TGT.EFFECTIVE_TO = CURRENT_TIMESTAMP()
    FROM (
        SELECT
            TMP.SUBCATEGORY_NAME,
            C.CATEGORY_KEY
        FROM TEMP.TMP_D_SUBCATEGORY TMP
        JOIN TARGET.TGT_D_CATEGORY C
            ON TMP.CATEGORY_NAME = C.CATEGORY_NAME
           AND C.IS_CURRENT = TRUE
    ) AS SRC
    WHERE TGT.SUBCATEGORY_NAME = SRC.SUBCATEGORY_NAME
      AND TGT.IS_CURRENT = TRUE
      AND TGT.CATEGORY_KEY <> SRC.CATEGORY_KEY;

2026-03-12 23:12:22.106686: ERROR: Error: 002003 (42S02): SQL compilation error:
Object 'IOE.TEMP.TMP_D_SUBCATEGORY' does not exist or not authorized.
2026-03-12 23:12:22.106722: Executing query: 
    INSERT INTO TARGET.TGT_D_SUBCATEGORY
    (
        SUBCATEGORY_NAME,
        CATEGORY_KEY,
        IS_CURRENT,
        EFFECTIVE_FROM,
        EFFECTIVE_TO
    )
    SELECT
        SRC.SUBCATEGORY_NAME,
        SRC.CATEGORY_KEY,
        TRUE,
        CURRENT_TIMESTAMP(),
        TO_TIMESTAMP_NTZ('9999-12-31 23:59:59.999')
    FROM (
        SELECT
            TMP.SUBCATEGORY_NAME,
            C.CATEGORY_KEY
        FROM TEMP.TMP_D_SUBCATEGORY TMP
        JOIN TARGET.TGT_D_CATEGORY C
            ON TMP.CATEGORY_NAME = C.CATEGORY_NAME
           AND C.IS_CURRENT = TRUE
    ) SRC
    LEFT JOIN TARGET.TGT_D_SUBCATEGORY CUR
        ON CUR.SUBCATEGORY_NAME = SRC.SUBCATEGORY_NAME
       AND CUR.IS_CURRENT = TRUE
       AND CUR.CATEGORY_KEY = SRC.CATEGORY_KEY
    WHERE CUR.SUBCATEGORY_KEY IS NULL;

2026-03-12 23:12:22.492799: ERROR: query error: 
    INSERT INTO TARGET.TGT_D_SUBCATEGORY
    (
        SUBCATEGORY_NAME,
        CATEGORY_KEY,
        IS_CURRENT,
        EFFECTIVE_FROM,
        EFFECTIVE_TO
    )
    SELECT
        SRC.SUBCATEGORY_NAME,
        SRC.CATEGORY_KEY,
        TRUE,
        CURRENT_TIMESTAMP(),
        TO_TIMESTAMP_NTZ('9999-12-31 23:59:59.999')
    FROM (
        SELECT
            TMP.SUBCATEGORY_NAME,
            C.CATEGORY_KEY
        FROM TEMP.TMP_D_SUBCATEGORY TMP
        JOIN TARGET.TGT_D_CATEGORY C
            ON TMP.CATEGORY_NAME = C.CATEGORY_NAME
           AND C.IS_CURRENT = TRUE
    ) SRC
    LEFT JOIN TARGET.TGT_D_SUBCATEGORY CUR
        ON CUR.SUBCATEGORY_NAME = SRC.SUBCATEGORY_NAME
       AND CUR.IS_CURRENT = TRUE
       AND CUR.CATEGORY_KEY = SRC.CATEGORY_KEY
    WHERE CUR.SUBCATEGORY_KEY IS NULL;

2026-03-12 23:12:22.492872: ERROR: Error: 002003 (42S02): SQL compilation error:
Object 'IOE.TEMP.TMP_D_SUBCATEGORY' does not exist or not authorized.
